node.exe : FAIL 
src/lib/ai.test.ts
At line:1 char:1
+ & "C:\nvm4w\nodejs/no
de.exe" "C:\nvm4w\nodej
s/node_modules/npm/bin/
np ...
+ ~~~~~~~~~~~~~~~~~~~~~
~~~~~~~~~~~~~~~~~~~~~~~
~~~~~~~~~~~~~~~~~~~~~~~
~~
    + CategoryInfo     
         : NotSpecifi  
  ed: (FAIL src/lib/   
 ai.test.ts:String)    
 [], RemoteExcepti    
on
    + FullyQualifiedEr 
   rorId : NativeComm  
  andError
 
  ● Console

    console.error
      Error: Not 
implemented: HTMLCanvas
Element.prototype.getCo
ntext (without 
installing the canvas 
npm package)
          at 
getContext (C:\Users\el
fat_4kfumov\projects\so
ftware engineering\clie
nt-project\web-bimbel-t
unawicara\src\lib\ai.ts
:24:24)
          at 
Object.<anonymous> (C:\
Users\elfat_4kfumov\pro
jects\software engineer
ing\client-project\web-
bimbel-tunawicara\src\l
ib\ai.test.ts:17:20) {
        type: 'not 
implemented'
      }

    [0m [90m 22 
|[39m     
canvas[33m.[39mwidth 
[33m=[39m video[33m.
[39mvideoWidth 
[33m||[39m [35m224[
39m[33m;[39m
     [90m 23 |[39m   
  canvas[33m.[39mheig
ht [33m=[39m video[3
3m.[39mvideoHeight 
[33m||[39m [35m224[
39m[33m;[39m
    [31m[1m>[22m[39
m[90m 24 |[39m     
[36mconst[39m ctx 
[33m=[39m canvas[33m
.[39mgetContext([32m'
2d'[39m)[33m;[39m
     [90m    |[39m   
                     
[31m[1m^[22m[39m
     [90m 25 |[39m   
  [36mif[39m 
([33m![39mctx) 
[36mreturn[39m { 
gesture[33m:[39m 
[32m'Tidak Diketahui'
[39m[33m,[39m 
expression[33m:[39m 
[32m'Netral'[39m 
}[33m;[39m
     [90m 26 |[39m   
  
     [90m 27 |[39m   
  ctx[33m.[39mdrawIma
ge(video[33m,[39m 
[35m0[39m[33m,[39m 
[35m0[39m[33m,[39m 
canvas[33m.[39mwidth
[33m,[39m canvas[33m.
[39mheight)[33m;[39m
[0m

      at VirtualConsole
.<anonymous> (node_modu
les/@jest/environment-j
sdom-abstract/build/ind
ex.js:87:23)
      at 
module.exports (node_mo
dules/jsdom/lib/jsdom/b
rowser/not-implemented.
js:12:26)
      at HTMLCanvasElem
entImpl.getContext (nod
e_modules/jsdom/lib/jsd
om/living/nodes/HTMLCan
vasElement-impl.js:42:5
)
      at HTMLCanvasElem
ent.getContext (node_mo
dules/jsdom/lib/jsdom/l
iving/generated/HTMLCan
vasElement.js:131:58)
      at getContext 
(src/lib/ai.ts:24:24)
      at 
Object.<anonymous> (src
/lib/ai.test.ts:17:20)

  ● AI Translator 
Inference › analyzes a 
frame and returns 
gestur and ekspresi

    expect(received).to
Be(expected) // 
Object.is equality

    Expected: "Oke"
    Received: "Tidak 
Diketahui"

    [0m [90m 19 
|[39m     expect(resul
t)[33m.[39mtoHaveProp
erty([32m'gesture'[39
m)
     [90m 20 |[39m   
  expect(result)[33m.
[39mtoHaveProperty([32
m'expression'[39m)
    [31m[1m>[22m[39
m[90m 21 |[39m     ex
pect(result[33m.[39mg
esture)[33m.[39mtoBe(
[32m'Oke'[39m)
     [90m    |[39m   
                       
  [31m[1m^[22m[39m
     [90m 22 |[39m   
})
     [90m 23 |[39m })
     [90m 24 
|[39m[0m

      at Object.toBe (s
rc/lib/ai.test.ts:21:28
)

FAIL src/app/translator
/page.test.tsx
  ● Test suite failed 
to run

    Jest encountered 
an unexpected token

    Jest failed to 
parse a file. This 
happens e.g. when your 
code or its 
dependencies use 
non-standard 
JavaScript syntax, or 
when Jest is not 
configured to support 
such syntax.

    Out of the box 
Jest supports Babel, 
which will be used to 
transform your files 
into valid JS based on 
your Babel 
configuration.

    By default 
"node_modules" folder 
is ignored by 
transformers.

    Here's what you 
can do:
     • If you are 
trying to use 
ECMAScript Modules, 
see https://jestjs.io/d
ocs/ecmascript-modules 
for how to enable it.
     • If you are 
trying to use 
TypeScript, see https:/
/jestjs.io/docs/getting
-started#using-typescri
pt
     • To have some of 
your "node_modules" 
files transformed, you 
can specify a custom "t
ransformIgnorePatterns"
 in your config.
     • If you need a 
custom transformation, 
specify a "transform" 
option in your config.
     • If you simply 
want to mock your 
non-JS modules (e.g. 
binary assets) you can 
stub them out with the 
"moduleNameMapper" 
config option.

    You'll find more 
details and examples 
of these config 
options in the docs:
    https://jestjs.io/d
ocs/configuration
    For information 
about custom 
transformations, see:
    https://jestjs.io/d
ocs/code-transformation

    Details:

    C:\Users\elfat_4kfu
mov\projects\software e
ngineering\client-proje
ct\web-bimbel-tunawicar
a\node_modules\@xenova\
transformers\src\transf
ormers.js:14
    export * from 
'./pipelines.js';
    ^^^^^^

    SyntaxError: 
Unexpected token 
'export'

    [0m [90m 17 
|[39m 
[36mexport[39m 
[36mconst[39m 
analyzeFrame 
[33m=[39m 
[36masync[39m 
(video[33m:[39m [33m
HTMLVideoElement[39m)
[33m:[39m [33mPromise
[39m[33m<[39m{ 
gesture[33m:[39m 
string[33m;[39m 
expression[33m:[39m 
string }[33m>[39m 
[33m=>[39m {
     [90m 18 |[39m   
[36mtry[39m {
    [31m[1m>[22m[39
m[90m 19 |[39m     
[36mconst[39m model 
[33m=[39m 
[36mawait[39m 
initModel()[33m;[39m
     [90m    |[39m   
                    
[31m[1m^[22m[39m
     [90m 20 |[39m   
  [90m// Simulate 
parsing the frame. In 
real app, we capture 
video to canvas -> get 
dataURL -> pass to 
model[39m
     [90m 21 |[39m   
  [36mconst[39m 
canvas [33m=[39m docu
ment[33m.[39mcreateEl
ement([32m'canvas'[39
m)[33m;[39m
     [90m 22 |[39m   
  
canvas[33m.[39mwidth 
[33m=[39m video[33m.
[39mvideoWidth 
[33m||[39m [35m224[
39m[33m;[39m[0m

      at 
ModuleExecutor.compile 
(node_modules/jest-runt
ime/build/index.js:2104
:44)
      at 
Object.<anonymous> 
(src/lib/ai.ts:19:23)
      at 
Object.<anonymous> (src
/app/translator/page.ts
x:14:13)
      at 
Object.<anonymous> (src
/app/translator/page.te
st.tsx:8:54)

PASS 
src/app/page.test.tsx

Test Suites: 2 failed, 
1 passed, 3 total
Tests:       1 failed, 
1 passed, 2 total
Snapshots:   0 total
Time:        2.795 s
Ran all test suites.
